// Jest Snapshot v1, https://goo.gl/fbAQLP

exports[`lpcScanner (LPC Lexer) Tokenize various parens: fn-with-various-parens 1`] = `
[
  16,
  55,
  15,
  68,
  16,
  6,
  15,
  68,
  16,
  56,
  68,
  18,
  68,
  15,
  68,
  66,
  16,
  64,
  16,
  55,
  20,
  54,
  6,
  54,
  6,
  20,
  54,
  6,
  54,
  21,
  21,
  6,
  22,
  54,
  6,
  54,
  23,
  6,
  55,
  54,
  62,
  54,
  56,
  6,
  55,
  52,
  62,
  52,
  56,
  6,
  32,
  16,
  25,
  16,
  55,
  34,
  56,
  68,
  33,
  56,
  19,
]
`;
