// Jest Snapshot v1, https://goo.gl/fbAQLP

exports[`lpcScanner (LPC Lexer) Tokenize closures: inline-closure-withlogic 1`] = `
[
  16,
  70,
  67,
  17,
  65,
  17,
  56,
  17,
  6,
  33,
  56,
  35,
  63,
  55,
  64,
  35,
  63,
  55,
  57,
  34,
  57,
  4,
]
`;

exports[`lpcScanner (LPC Lexer) Tokenize for loops: for_loop_various 1`] = `
[
  17,
  56,
  57,
  70,
  19,
  71,
  70,
  47,
  70,
  56,
  16,
  70,
  17,
  65,
  55,
  6,
  17,
  65,
  55,
  4,
  17,
  63,
  55,
  4,
  17,
  65,
  6,
  17,
  65,
  55,
  57,
  70,
  19,
  70,
  17,
  56,
  17,
  6,
  17,
  57,
  4,
  20,
  71,
  70,
  47,
  70,
  56,
  16,
  70,
  17,
  65,
  55,
  6,
  17,
  65,
  55,
  4,
  17,
  63,
  55,
  4,
  57,
  70,
  19,
  70,
  17,
  56,
  17,
  6,
  17,
  57,
  4,
  20,
  71,
  70,
  16,
  70,
  17,
  4,
  71,
  70,
  47,
  70,
  56,
  17,
  65,
  55,
  4,
  17,
  63,
  55,
  4,
  17,
  65,
  57,
  70,
  19,
  70,
  17,
  56,
  17,
  57,
  4,
  20,
  71,
  20,
]
`;

exports[`lpcScanner (LPC Lexer) Tokenize various parens: fn-with-various-parens 1`] = `
[
  17,
  56,
  16,
  70,
  17,
  6,
  16,
  70,
  17,
  57,
  70,
  19,
  70,
  16,
  70,
  67,
  17,
  65,
  17,
  56,
  21,
  55,
  6,
  55,
  6,
  21,
  55,
  6,
  55,
  22,
  22,
  6,
  23,
  55,
  6,
  55,
  24,
  6,
  56,
  55,
  63,
  55,
  57,
  6,
  56,
  53,
  63,
  53,
  57,
  6,
  33,
  17,
  26,
  17,
  56,
  35,
  57,
  70,
  34,
  57,
  20,
]
`;
